Copyright 1986-2022 Xilinx, Inc. All Rights Reserved. Copyright 2022-2023 Advanced Micro Devices, Inc. All Rights Reserved.
---------------------------------------------------------------------------------------------------------------------------------------------
| Tool Version : Vivado v.2023.1 (lin64) Build 3865809 Sun May  7 15:04:56 MDT 2023
| Date         : Wed Jul 19 17:45:55 2023
| Host         : fedora running 64-bit Fedora release 36 (Thirty Six)
| Command      : report_control_sets -verbose -file tmSe_leader_control_sets_placed.rpt
| Design       : tmSe_leader
| Device       : xc7a35t
---------------------------------------------------------------------------------------------------------------------------------------------

Control Set Information

Table of Contents
-----------------
1. Summary
2. Histogram
3. Flip-Flop Distribution
4. Detailed Control Set Information

1. Summary
----------

+----------------------------------------------------------+-------+
|                          Status                          | Count |
+----------------------------------------------------------+-------+
| Total control sets                                       |    30 |
|    Minimum number of control sets                        |    30 |
|    Addition due to synthesis replication                 |     0 |
|    Addition due to physical synthesis replication        |     0 |
| Unused register locations in slices containing registers |   103 |
+----------------------------------------------------------+-------+
* Control sets can be merged at opt_design using control_set_merge or merge_equivalent_drivers
** Run report_qor_suggestions for automated merging and remapping suggestions


2. Histogram
------------

+--------------------+-------+
|       Fanout       | Count |
+--------------------+-------+
| Total control sets |    30 |
| >= 0 to < 4        |    12 |
| >= 4 to < 6        |     3 |
| >= 6 to < 8        |     2 |
| >= 8 to < 10       |     6 |
| >= 10 to < 12      |     0 |
| >= 12 to < 14      |     0 |
| >= 14 to < 16      |     1 |
| >= 16              |     6 |
+--------------------+-------+
* Control sets can be remapped at either synth_design or opt_design


3. Flip-Flop Distribution
-------------------------

+--------------+-----------------------+------------------------+-----------------+--------------+
| Clock Enable | Synchronous Set/Reset | Asynchronous Set/Reset | Total Registers | Total Slices |
+--------------+-----------------------+------------------------+-----------------+--------------+
| No           | No                    | No                     |              68 |           22 |
| No           | No                    | Yes                    |              15 |            6 |
| No           | Yes                   | No                     |              32 |            9 |
| Yes          | No                    | No                     |              31 |           18 |
| Yes          | No                    | Yes                    |             135 |           34 |
| Yes          | Yes                   | No                     |               8 |            2 |
+--------------+-----------------------+------------------------+-----------------+--------------+


4. Detailed Control Set Information
-----------------------------------

+---------------------------+------------------------------------------+-----------------------------+------------------+----------------+--------------+
|        Clock Signal       |               Enable Signal              |       Set/Reset Signal      | Slice Load Count | Bel Load Count | Bels / Slice |
+---------------------------+------------------------------------------+-----------------------------+------------------+----------------+--------------+
|  INTERN_CLK_IBUF_BUFG     | UART_RX_USB/p_0_in[3]                    |                             |                1 |              1 |         1.00 |
| ~LA_COL_CLK_OBUF_BUFG     | CLK_SEQ/COL_DAT_IN0                      |                             |                1 |              1 |         1.00 |
| ~LA_COL_CLK_OBUF_BUFG     | CLK_SEQ/LA_COL_SHIFT_BUF                 | LA_COL_RESET_OBUF           |                1 |              1 |         1.00 |
| ~LA_COL_CLK_OBUF_BUFG     | CLK_SEQ/LA_ROW_SHIFT_BUF_i_1_n_0         | LA_COL_RESET_OBUF           |                1 |              1 |         1.00 |
|  INTERN_CLK_IBUF_BUFG     | UART_RX_USB/p_0_in[7]                    |                             |                1 |              1 |         1.00 |
|  INTERN_CLK_IBUF_BUFG     | UART_RX_USB/p_0_in[5]                    |                             |                1 |              1 |         1.00 |
|  INTERN_CLK_IBUF_BUFG     | UART_RX_USB/p_0_in[4]                    |                             |                1 |              1 |         1.00 |
|  INTERN_CLK_IBUF_BUFG     | UART_RX_USB/p_0_in[2]                    |                             |                1 |              1 |         1.00 |
| ~LA_COL_CLK_OBUF_BUFG     | CLK_SEQ/ROW_DAT_IN0                      |                             |                1 |              1 |         1.00 |
|  INTERN_CLK_IBUF_BUFG     | UART_RX_USB/p_0_in[1]                    |                             |                1 |              1 |         1.00 |
|  INTERN_CLK_IBUF_BUFG     | UART_RX_USB/p_0_in[0]                    |                             |                1 |              1 |         1.00 |
|  INTERN_CLK_IBUF_BUFG     | UART_RX_USB/p_0_in[6]                    |                             |                1 |              1 |         1.00 |
|  INTERN_CLK_IBUF_BUFG     |                                          | LA_COL_RESET_OBUF           |                1 |              4 |         4.00 |
| ~LA_COL_CLK_OBUF_BUFG     | CLK_SEQ/FSM_onehot_driveState[4]_i_1_n_0 | LA_COL_RESET_OBUF           |                1 |              5 |         5.00 |
|  SPI_SCLK_OBUF_BUFG       |                                          | LA_COL_RESET_OBUF           |                2 |              5 |         2.50 |
| ~INTERN_CLK_IBUF_BUFG     |                                          | LA_COL_RESET_OBUF           |                3 |              6 |         2.00 |
| ~LA_COL_CLK_OBUF_BUFG     | CLK_SEQ/ROW_ADDR0                        |                             |                2 |              7 |         3.50 |
|  INTERN_CLK_IBUF_BUFG     |                                          |                             |                4 |              8 |         2.00 |
| ~LA_COL_CLK_OBUF_BUFG     | CLK_SEQ/COL_ADDR0                        | CLK_SEQ/COL_ADDR[7]_i_1_n_0 |                2 |              8 |         4.00 |
| ~INTERN_CLK_IBUF_BUFG     | DAC_DAT_REG[24]                          | LA_COL_RESET_OBUF           |                3 |              8 |         2.67 |
| ~INTERN_CLK_IBUF_BUFG     | DAC_DAT_REG[16]                          | LA_COL_RESET_OBUF           |                2 |              8 |         4.00 |
| ~INTERN_CLK_IBUF_BUFG     | DAC_DAT_REG[8]                           | LA_COL_RESET_OBUF           |                1 |              8 |         8.00 |
| ~INTERN_CLK_IBUF_BUFG     | DAC_DAT_REG[0]                           | LA_COL_RESET_OBUF           |                2 |              8 |         4.00 |
|  INTERN_CLK_IBUF_BUFG     | UART_RX_USB/clk_count[0]_i_1_n_0         |                             |                6 |             14 |         2.33 |
| ~INTERN_CLK_IBUF_BUFG     |                                          |                             |                9 |             28 |         3.11 |
| ~INTERN_CLK_IBUF_BUFG     | wait_cycle                               | LA_COL_RESET_OBUF           |                9 |             32 |         3.56 |
|  INTERN_CLK_IBUF_BUFG     | SPI_WX_DAC/DAT_REG_0                     | LA_COL_RESET_OBUF           |                6 |             32 |         5.33 |
|  INTERN_CLK_IBUF_BUFG     |                                          | SPI_WX_DAC/SCLK_BUF         |                9 |             32 |         3.56 |
|  DAC_DAT_VAL_reg_n_0_BUFG |                                          |                             |                9 |             32 |         3.56 |
|  SPI_SCLK_OBUF_BUFG       | SPI_WX_DAC/BIT_NUM_1                     | LA_COL_RESET_OBUF           |                8 |             32 |         4.00 |
+---------------------------+------------------------------------------+-----------------------------+------------------+----------------+--------------+


